Nesta aula será anexado o passo-a-passo que fora executado no Gitbash para criar um repositório e realizar alterações no mesmo e conseguir anexa-lo sem nenhum problema no Github

raffa@LAPTOP-NHEGS9LB MINGW64 /c/desafio de projeto Dio
$ dir
dio-desafio-github-primeiro-repositorio

raffa@LAPTOP-NHEGS9LB MINGW64 /c/desafio de projeto Dio
$ cd dio-desafio-github-primeiro-repositorio/

raffa@LAPTOP-NHEGS9LB MINGW64 /c/desafio de projeto Dio/dio-desafio-github-primeiro-repositorio (main)
$ git status
On branch main
Your branch is up to date with 'origin/main'.

nothing to commit, working tree clean

raffa@LAPTOP-NHEGS9LB MINGW64 /c/desafio de projeto Dio/dio-desafio-github-primeiro-repositorio (main)
$ git status
On branch main
Your branch is up to date with 'origin/main'.

Untracked files:
  (use "git add <file>..." to include in what will be committed)
        Introducao ao Git e ao Github/

nothing added to commit but untracked files present (use "git add" to track)

raffa@LAPTOP-NHEGS9LB MINGW64 /c/desafio de projeto Dio/dio-desafio-github-primeiro-repositorio (main)
$ git add -a
error: unknown switch `a'
usage: git add [<options>] [--] <pathspec>...

    -n, --dry-run         dry run
    -v, --verbose         be verbose

    -i, --interactive     interactive picking
    -p, --patch           select hunks interactively
    -e, --edit            edit current diff and apply
    -f, --force           allow adding otherwise ignored files
    -u, --update          update tracked files
    --renormalize         renormalize EOL of tracked files (implies -u)
    -N, --intent-to-add   record only the fact that the path will be added later
    -A, --all             add changes from all tracked and untracked files
    --ignore-removal      ignore paths removed in the working tree (same as --no-all)
    --refresh             don't add, only refresh the index
    --ignore-errors       just skip files which cannot be added because of errors
    --ignore-missing      check if - even missing - files are ignored in dry run
    --sparse              allow updating entries outside of the sparse-checkout cone
    --chmod (+|-)x        override the executable bit of the listed files
    --pathspec-from-file <file>
                          read pathspec from file
    --pathspec-file-nul   with --pathspec-from-file, pathspec elements are separated with NUL character


raffa@LAPTOP-NHEGS9LB MINGW64 /c/desafio de projeto Dio/dio-desafio-github-primeiro-repositorio (main)
$ gis status
bash: gis: command not found

raffa@LAPTOP-NHEGS9LB MINGW64 /c/desafio de projeto Dio/dio-desafio-github-primeiro-repositorio (main)
$ git add -A

raffa@LAPTOP-NHEGS9LB MINGW64 /c/desafio de projeto Dio/dio-desafio-github-primeiro-repositorio (main)
$ git status
On branch main
Your branch is up to date with 'origin/main'.

Changes to be committed:
  (use "git restore --staged <file>..." to unstage)
        new file:   Introducao ao Git e ao Github/anotacoes.txt


raffa@LAPTOP-NHEGS9LB MINGW64 /c/desafio de projeto Dio/dio-desafio-github-primeiro-repositorio (main)
$  git commit -m "Inclusao das anotações do curso de Git/Github"
[main 598dd69] Inclusao das anotações do curso de Git/Github
 1 file changed, 5 insertions(+)
 create mode 100644 Introducao ao Git e ao Github/anotacoes.txt

raffa@LAPTOP-NHEGS9LB MINGW64 /c/desafio de projeto Dio/dio-desafio-github-primeiro-repositorio (main)
$ git status
On branch main
Your branch is ahead of 'origin/main' by 1 commit.
  (use "git push" to publish your local commits)

nothing to commit, working tree clean

raffa@LAPTOP-NHEGS9LB MINGW64 /c/desafio de projeto Dio/dio-desafio-github-primeiro-repositorio (main)
$ git push origin main
Enumerating objects: 5, done.
Counting objects: 100% (5/5), done.
Delta compression using up to 8 threads
Compressing objects: 100% (3/3), done.
Writing objects: 100% (4/4), 504 bytes | 504.00 KiB/s, done.
Total 4 (delta 0), reused 0 (delta 0), pack-reused 0
To https://github.com/raffa2509/dio-desafio-github-primeiro-repositorio.git
   e635ac9..598dd69  main -> main

raffa@LAPTOP-NHEGS9LB MINGW64 /c/desafio de projeto Dio/dio-desafio-github-primeiro-repositorio (main)
$ git status
On branch main
Your branch is up to date with 'origin/main'.

Untracked files:
  (use "git add <file>..." to include in what will be committed)
        Introducao ao Git e ao Github/Comandos e Conceitos importantes para o Gitbash.txt

nothing added to commit but untracked files present (use "git add" to track)

raffa@LAPTOP-NHEGS9LB MINGW64 /c/desafio de projeto Dio/dio-desafio-github-primeiro-repositorio (main)
$ git add -A

raffa@LAPTOP-NHEGS9LB MINGW64 /c/desafio de projeto Dio/dio-desafio-github-primeiro-repositorio (main)
$ git status
On branch main
Your branch is up to date with 'origin/main'.

Changes to be committed:
  (use "git restore --staged <file>..." to unstage)
        new file:   Introducao ao Git e ao Github/Comandos e Conceitos importantes para o Gitbash.txt


raffa@LAPTOP-NHEGS9LB MINGW64 /c/desafio de projeto Dio/dio-desafio-github-primeiro-repositorio (main)
$ git commit -m "Inclusão do arquivo Comandos e Conceitos importantes para o Gitbash"
[main 5be0424] Inclusão do arquivo Comandos e Conceitos importantes para o Gitbash
 1 file changed, 54 insertions(+)
 create mode 100644 Introducao ao Git e ao Github/Comandos e Conceitos importantes para o Gitbash.txt

raffa@LAPTOP-NHEGS9LB MINGW64 /c/desafio de projeto Dio/dio-desafio-github-primeiro-repositorio (main)
$ git status
On branch main
Your branch is ahead of 'origin/main' by 1 commit.
  (use "git push" to publish your local commits)

nothing to commit, working tree clean

raffa@LAPTOP-NHEGS9LB MINGW64 /c/desafio de projeto Dio/dio-desafio-github-primeiro-repositorio (main)
$ git push origin main
Enumerating objects: 6, done.
Counting objects: 100% (6/6), done.
Delta compression using up to 8 threads
Compressing objects: 100% (4/4), done.
Writing objects: 100% (4/4), 1.75 KiB | 1.75 MiB/s, done.
Total 4 (delta 0), reused 0 (delta 0), pack-reused 0
To https://github.com/raffa2509/dio-desafio-github-primeiro-repositorio.git
   598dd69..5be0424  main -> main

raffa@LAPTOP-NHEGS9LB MINGW64 /c/desafio de projeto Dio/dio-desafio-github-primeiro-repositorio (main)
$ git status
On branch main
Your branch is up to date with 'origin/main'.

nothing to commit, working tree clean

raffa@LAPTOP-NHEGS9LB MINGW64 /c/desafio de projeto Dio/dio-desafio-github-primeiro-repositorio (main)
$
